// Jest Snapshot v1, https://goo.gl/fbAQLP

exports[`SearchForm it renders the component 1`] = `<div><input type="text"> <button></button></div>`;
