// Jest Snapshot v1, https://goo.gl/fbAQLP

exports[`SpeakersView renders the component 1`] = `
<div class="container">
  <searchform-stub></searchform-stub>
  <speakerslist-stub speakers="[object Object],[object Object]"></speakerslist-stub>
</div>
`;
