// Jest Snapshot v1, https://goo.gl/fbAQLP

exports[`SpeakersList renders the component 1`] = `
<div class="columns">
  <div class="column">
    <speaker-stub speaker="[object Object]"></speaker-stub>
  </div>
</div>
`;
