// Jest Snapshot v1, https://goo.gl/fbAQLP

exports[`Speaker renders the component 1`] = `
<div><img src="https://myimage.com">
  <h2>@myname</h2>
</div>
`;
